208 INFO: PyInstaller: 6.21.0, contrib hooks: 2026.6
208 INFO: Python: 3.14.6
268 INFO: Platform: Windows-11-10.0.26200-SP0
269 INFO: Python environment: c:\Users\Ёб╪янд\shared\materials\crypto_traders_distill\.venv
274 INFO: Removing temporary files and cleaning cache in C:\Users\Ёб╪янд\AppData\Local\pyinstaller
consensus_gui.spec:14: SyntaxWarning: "\c" is an invalid escape sequence. Such sequences will not work in the future. Did you mean "\\c"? A raw string is also an option.
  ['quant_factors\consensus_gui.py'],
254 WARNING: Failed to collect submodules for 'plotly.matplotlylib' because importing 'plotly.matplotlylib' raised: ModuleNotFoundError: No module named 'matplotlib'
8202 INFO: Module search paths (PYTHONPATH):
['c:\\Users\\Ёб╪янд\\shared\\materials\\crypto_traders_distill',
 'C:\\Users\\Ёб╪янд\\AppData\\Local\\Programs\\Python\\Python314\\python314.zip',
 'C:\\Users\\Ёб╪янд\\AppData\\Local\\Programs\\Python\\Python314\\DLLs',
 'C:\\Users\\Ёб╪янд\\AppData\\Local\\Programs\\Python\\Python314\\Lib',
 'C:\\Users\\Ёб╪янд\\AppData\\Local\\Programs\\Python\\Python314',
 'c:\\Users\\Ёб╪янд\\shared\\materials\\crypto_traders_distill\\.venv',
 'c:\\Users\\Ёб╪янд\\shared\\materials\\crypto_traders_distill\\.venv\\Lib\\site-packages',
 'c:\\Users\\Ёб╪янд\\shared\\materials\\crypto_traders_distill']
8793 INFO: Appending 'datas' from .spec
8794 INFO: checking Analysis
8795 INFO: Building Analysis because Analysis-00.toc is non existent
8795 INFO: Looking for Python shared library...
8795 INFO: Using Python shared library: C:\Users\Ёб╪янд\AppData\Local\Programs\Python\Python314\python314.dll
8795 INFO: Running Analysis Analysis-00.toc
8795 INFO: Target bytecode optimization level: 0
8795 INFO: Initializing module dependency graph...
8796 INFO: Initializing module graph hook caches...
8814 INFO: Analyzing modules for base_library.zip ...
10065 INFO: Processing standard module hook 'hook-encodings.py' from 'c:\\Users\\Ёб╪янд\\shared\\materials\\crypto_traders_distill\\.venv\\Lib\\site-packages\\PyInstaller\\hooks'
11550 INFO: Processing standard module hook 'hook-math.py' from 'c:\\Users\\Ёб╪янд\\shared\\materials\\crypto_traders_distill\\.venv\\Lib\\site-packages\\PyInstaller\\hooks'
13143 INFO: Processing standard module hook 'hook-difflib.py' from 'c:\\Users\\Ёб╪янд\\shared\\materials\\crypto_traders_distill\\.venv\\Lib\\site-packages\\PyInstaller\\hooks'
13157 INFO: Processing standard module hook 'hook-heapq.py' from 'c:\\Users\\Ёб╪янд\\shared\\materials\\crypto_traders_distill\\.venv\\Lib\\site-packages\\PyInstaller\\hooks'
13297 INFO: Processing standard module hook 'hook-pickle.py' from 'c:\\Users\\Ёб╪янд\\shared\\materials\\crypto_traders_distill\\.venv\\Lib\\site-packages\\PyInstaller\\hooks'
15100 INFO: Caching module dependency graph...
15131 INFO: Analyzing c:\Users\Ёб╪янд\shared\materials\crypto_traders_distill\quant_factors\consensus_gui.py
15194 INFO: Processing standard module hook 'hook-webbrowser.py' from 'c:\\Users\\Ёб╪янд\\shared\\materials\\crypto_traders_distill\\.venv\\Lib\\site-packages\\PyInstaller\\hooks'
15265 INFO: Processing standard module hook 'hook-sysconfig.py' from 'c:\\Users\\Ёб╪янд\\shared\\materials\\crypto_traders_distill\\.venv\\Lib\\site-packages\\PyInstaller\\hooks'
15270 INFO: Processing standard module hook 'hook-_ctypes.py' from 'c:\\Users\\Ёб╪янд\\shared\\materials\\crypto_traders_distill\\.venv\\Lib\\site-packages\\PyInstaller\\hooks'
15344 INFO: Processing pre-find-module-path hook 'hook-tkinter.py' from 'c:\\Users\\Ёб╪янд\\shared\\materials\\crypto_traders_distill\\.venv\\Lib\\site-packages\\PyInstaller\\hooks\\pre_find_module_path'
15346 INFO: TclTkInfo: initializing cached Tcl/Tk info...
15861 INFO: Processing standard module hook 'hook-_tkinter.py' from 'c:\\Users\\Ёб╪янд\\shared\\materials\\crypto_traders_distill\\.venv\\Lib\\site-packages\\PyInstaller\\hooks'
15960 INFO: Analyzing hidden import 'plotly'
15966 INFO: Processing standard module hook 'hook-plotly.py' from 'c:\\Users\\Ёб╪янд\\shared\\materials\\crypto_traders_distill\\.venv\\Lib\\site-packages\\_pyinstaller_hooks_contrib\\stdhooks'
19225 INFO: Processing standard module hook 'hook-platform.py' from 'c:\\Users\\Ёб╪янд\\shared\\materials\\crypto_traders_distill\\.venv\\Lib\\site-packages\\PyInstaller\\hooks'
19234 INFO: Processing standard module hook 'hook-narwhals.py' from 'c:\\Users\\Ёб╪янд\\shared\\materials\\crypto_traders_distill\\.venv\\Lib\\site-packages\\_pyinstaller_hooks_contrib\\stdhooks'
19278 INFO: Processing standard module hook 'hook-pandas.py' from 'c:\\Users\\Ёб╪янд\\shared\\materials\\crypto_traders_distill\\.venv\\Lib\\site-packages\\PyInstaller\\hooks'
21179 INFO: Processing standard module hook 'hook-numpy.py' from 'c:\\Users\\Ёб╪янд\\shared\\materials\\crypto_traders_distill\\.venv\\Lib\\site-packages\\PyInstaller\\hooks'
21678 INFO: Processing pre-safe-import-module hook 'hook-typing_extensions.py' from 'c:\\Users\\Ёб╪янд\\shared\\materials\\crypto_traders_distill\\.venv\\Lib\\site-packages\\PyInstaller\\hooks\\pre_safe_import_module'
21679 INFO: SetuptoolsInfo: initializing cached setuptools info...
24433 INFO: Processing standard module hook 'hook-multiprocessing.util.py' from 'c:\\Users\\Ёб╪янд\\shared\\materials\\crypto_traders_distill\\.venv\\Lib\\site-packages\\PyInstaller\\hooks'
24558 INFO: Processing standard module hook 'hook-xml.py' from 'c:\\Users\\Ёб╪янд\\shared\\materials\\crypto_traders_distill\\.venv\\Lib\\site-packages\\PyInstaller\\hooks'
26721 INFO: Processing standard module hook 'hook-zoneinfo.py' from 'c:\\Users\\Ёб╪янд\\shared\\materials\\crypto_traders_distill\\.venv\\Lib\\site-packages\\_pyinstaller_hooks_contrib\\stdhooks'
26998 INFO: Processing standard module hook 'hook-scipy.py' from 'c:\\Users\\Ёб╪янд\\shared\\materials\\crypto_traders_distill\\.venv\\Lib\\site-packages\\PyInstaller\\hooks'
28905 INFO: Processing standard module hook 'hook-scipy.linalg.py' from 'c:\\Users\\Ёб╪янд\\shared\\materials\\crypto_traders_distill\\.venv\\Lib\\site-packages\\PyInstaller\\hooks'
29098 INFO: Processing standard module hook 'hook-scipy.special._ufuncs.py' from 'c:\\Users\\Ёб╪янд\\shared\\materials\\crypto_traders_distill\\.venv\\Lib\\site-packages\\PyInstaller\\hooks'
30727 INFO: Processing standard module hook 'hook-scipy.spatial._ckdtree.py' from 'c:\\Users\\Ёб╪янд\\shared\\materials\\crypto_traders_distill\\.venv\\Lib\\site-packages\\PyInstaller\\hooks'
31565 INFO: Processing standard module hook 'hook-scipy.spatial.transform.rotation.py' from 'c:\\Users\\Ёб╪янд\\shared\\materials\\crypto_traders_distill\\.venv\\Lib\\site-packages\\PyInstaller\\hooks'
32839 INFO: Processing standard module hook 'hook-scipy.stats._stats.py' from 'c:\\Users\\Ёб╪янд\\shared\\materials\\crypto_traders_distill\\.venv\\Lib\\site-packages\\PyInstaller\\hooks'
33589 INFO: Processing standard module hook 'hook-scipy.sparse.csgraph.py' from 'c:\\Users\\Ёб╪янд\\shared\\materials\\crypto_traders_distill\\.venv\\Lib\\site-packages\\PyInstaller\\hooks'
34700 INFO: Processing standard module hook 'hook-scipy.special._ellip_harm_2.py' from 'c:\\Users\\Ёб╪янд\\shared\\materials\\crypto_traders_distill\\.venv\\Lib\\site-packages\\PyInstaller\\hooks'
37233 INFO: Processing standard module hook 'hook-pandas.io.formats.style.py' from 'c:\\Users\\Ёб╪янд\\shared\\materials\\crypto_traders_distill\\.venv\\Lib\\site-packages\\PyInstaller\\hooks'
39414 INFO: Processing standard module hook 'hook-pyarrow.py' from 'c:\\Users\\Ёб╪янд\\shared\\materials\\crypto_traders_distill\\.venv\\Lib\\site-packages\\_pyinstaller_hooks_contrib\\stdhooks'
42051 INFO: Processing standard module hook 'hook-pandas.plotting.py' from 'c:\\Users\\Ёб╪янд\\shared\\materials\\crypto_traders_distill\\.venv\\Lib\\site-packages\\PyInstaller\\hooks'
42831 INFO: Processing standard module hook 'hook-dateutil.py' from 'c:\\Users\\Ёб╪янд\\shared\\materials\\crypto_traders_distill\\.venv\\Lib\\site-packages\\_pyinstaller_hooks_contrib\\stdhooks'
43038 INFO: Processing pre-safe-import-module hook 'hook-six.moves.py' from 'c:\\Users\\Ёб╪янд\\shared\\materials\\crypto_traders_distill\\.venv\\Lib\\site-packages\\PyInstaller\\hooks\\pre_safe_import_module'
44832 INFO: Processing standard module hook 'hook-sqlite3.py' from 'c:\\Users\\Ёб╪янд\\shared\\materials\\crypto_traders_distill\\.venv\\Lib\\site-packages\\PyInstaller\\hooks'
45329 INFO: Processing standard module hook 'hook-pandas.io.clipboard.py' from 'c:\\Users\\Ёб╪янд\\shared\\materials\\crypto_traders_distill\\.venv\\Lib\\site-packages\\PyInstaller\\hooks'
45728 INFO: Processing standard module hook 'hook-xml.etree.cElementTree.py' from 'c:\\Users\\Ёб╪янд\\shared\\materials\\crypto_traders_distill\\.venv\\Lib\\site-packages\\PyInstaller\\hooks'
45740 INFO: Processing standard module hook 'hook-xml.dom.domreg.py' from 'c:\\Users\\Ёб╪янд\\shared\\materials\\crypto_traders_distill\\.venv\\Lib\\site-packages\\PyInstaller\\hooks'
48934 INFO: Processing pre-safe-import-module hook 'hook-packaging.py' from 'c:\\Users\\Ёб╪янд\\shared\\materials\\crypto_traders_distill\\.venv\\Lib\\site-packages\\PyInstaller\\hooks\\pre_safe_import_module'
57561 INFO: Analyzing hidden import 'plotly.api'
57566 INFO: Analyzing hidden import 'plotly.io._sg_scraper'
57569 INFO: Analyzing hidden import 'quant_factors'
57571 INFO: Analyzing hidden import 'quant_factors.backtest'
57580 INFO: Analyzing hidden import 'quant_factors.capabilities'
57655 INFO: Analyzing hidden import 'quant_factors.consensus_gui'
57687 INFO: Analyzing hidden import 'quant_factors.consensus_now'
57705 INFO: Analyzing hidden import 'quant_factors.feature_engine'
57725 INFO: Analyzing hidden import 'quant_factors.render_consensus'
57747 INFO: Analyzing hidden import 'quant_factors.run_consensus'
57766 INFO: Analyzing hidden import 'quant_factors.scalp_backtest'
57797 INFO: Analyzing hidden import 'quant_factors.trader_composite'
57814 INFO: Processing module hooks (post-graph stage)...
57900 WARNING: Hidden import "jinja2" not found!
57934 WARNING: Hidden import "scipy.special._cdflib" not found!
57956 INFO: Processing standard module hook 'hook-_tkinter.py' from 'c:\\Users\\Ёб╪янд\\shared\\materials\\crypto_traders_distill\\.venv\\Lib\\site-packages\\PyInstaller\\hooks'
57958 INFO: Processing standard module hook 'hook-tzdata.py' from 'c:\\Users\\Ёб╪янд\\shared\\materials\\crypto_traders_distill\\.venv\\Lib\\site-packages\\_pyinstaller_hooks_contrib\\stdhooks'
58882 INFO: Performing binary vs. data reclassification (2205 entries)
59466 INFO: Looking for ctypes DLLs
59597 INFO: Analyzing run-time hooks ...
59610 INFO: Including run-time hook 'pyi_rth_multiprocessing.py' from 'c:\\Users\\Ёб╪янд\\shared\\materials\\crypto_traders_distill\\.venv\\Lib\\site-packages\\PyInstaller\\hooks\\rthooks'
59614 INFO: Including run-time hook 'pyi_rth_inspect.py' from 'c:\\Users\\Ёб╪янд\\shared\\materials\\crypto_traders_distill\\.venv\\Lib\\site-packages\\PyInstaller\\hooks\\rthooks'
59619 INFO: Including run-time hook 'pyi_rth_pkgutil.py' from 'c:\\Users\\Ёб╪янд\\shared\\materials\\crypto_traders_distill\\.venv\\Lib\\site-packages\\PyInstaller\\hooks\\rthooks'
59622 INFO: Including run-time hook 'pyi_rth__tkinter.py' from 'c:\\Users\\Ёб╪янд\\shared\\materials\\crypto_traders_distill\\.venv\\Lib\\site-packages\\PyInstaller\\hooks\\rthooks'
59708 INFO: Creating base_library.zip...
59753 INFO: Looking for dynamic libraries
62179 INFO: Extra DLL search directories (AddDllDirectory): ['c:\\Users\\Ёб╪янд\\shared\\materials\\crypto_traders_distill\\.venv\\Lib\\site-packages\\scipy.libs', 'c:\\Users\\Ёб╪янд\\shared\\materials\\crypto_traders_distill\\.venv\\Lib\\site-packages\\numpy.libs', 'c:\\Users\\Ёб╪янд\\shared\\materials\\crypto_traders_distill\\.venv\\Lib\\site-packages\\pandas.libs', 'c:\\Users\\Ёб╪янд\\shared\\materials\\crypto_traders_distill\\.venv\\Lib\\site-packages\\pyarrow.libs']
62179 INFO: Extra DLL search directories (PATH): []
65857 INFO: Warnings written to c:\Users\Ёб╪янд\shared\materials\crypto_traders_distill\build\consensus_gui\warn-consensus_gui.txt
66109 INFO: Graph cross-reference written to c:\Users\Ёб╪янд\shared\materials\crypto_traders_distill\build\consensus_gui\xref-consensus_gui.html
66260 INFO: checking PYZ
66260 INFO: Building PYZ because PYZ-00.toc is non existent
66261 INFO: Building PYZ (ZlibArchive) c:\Users\Ёб╪янд\shared\materials\crypto_traders_distill\build\consensus_gui\PYZ-00.pyz
67567 INFO: Building PYZ (ZlibArchive) c:\Users\Ёб╪янд\shared\materials\crypto_traders_distill\build\consensus_gui\PYZ-00.pyz completed successfully.
67686 INFO: checking PKG
67686 INFO: Building PKG because PKG-00.toc is non existent
67686 INFO: Building PKG (CArchive) consensus_gui.pkg
79616 INFO: Building PKG (CArchive) consensus_gui.pkg completed successfully.
79670 INFO: Bootloader c:\Users\Ёб╪янд\shared\materials\crypto_traders_distill\.venv\Lib\site-packages\PyInstaller\bootloader\Windows-64bit-intel\runw.exe
79670 INFO: checking EXE
79670 INFO: Building EXE because EXE-00.toc is non existent
79670 INFO: Building EXE from EXE-00.toc
79680 INFO: Copying bootloader EXE to c:\Users\Ёб╪янд\shared\materials\crypto_traders_distill\dist\consensus_gui.exe
79691 INFO: Copying icon to EXE
79699 INFO: Copying 0 resources to EXE
79699 INFO: Embedding manifest in EXE
79708 INFO: Appending PKG archive to EXE
79785 INFO: Fixing EXE headers
80221 INFO: Building EXE from EXE-00.toc completed successfully.
80272 INFO: Build complete! The results are available in: c:\Users\Ёб╪янд\shared\materials\crypto_traders_distill\dist
